
======================================================================
  CONFORMER + SE r=8 — 24 SESSIONS
  Config: conformer_se_24sess
  d_model=512, layers=4, heads=8, d_ff=2048
  Sessions: 24
  LR: 0.04 -> 0.004 (cosine over 100000 steps)
  Previous best (19 sess): 0.1633
======================================================================

Resuming from checkpoint...
  Train batch 86001: loss: 0.39 gradNorm: 3.55 time 23.20
  Train batch 86002: loss: 0.22 gradNorm: 0.44 time 0.16
  Train batch 86003: loss: 0.29 gradNorm: 3.28 time 0.15
  Train batch 86004: loss: 0.27 gradNorm: 2.68 time 0.19
  Train batch 86005: loss: 0.43 gradNorm: 5.29 time 0.23
  Train batch 86006: loss: 0.22 gradNorm: 0.87 time 0.14
  Train batch 86007: loss: 0.37 gradNorm: 5.56 time 0.18
  Train batch 86008: loss: 0.84 gradNorm: 4.12 time 0.14
  Train batch 86009: loss: 0.21 gradNorm: 0.61 time 0.16
  Train batch 86010: loss: 0.20 gradNorm: 0.21 time 0.16
  Train batch 86011: loss: 0.22 gradNorm: 0.41 time 0.09
  Train batch 86012: loss: 0.23 gradNorm: 0.90 time 0.07
  Train batch 86013: loss: 0.23 gradNorm: 1.48 time 0.12
  Train batch 86014: loss: 0.21 gradNorm: 0.16 time 0.07
  Train batch 86015: loss: 0.22 gradNorm: 0.56 time 0.08
  Train batch 86016: loss: 0.23 gradNorm: 1.50 time 0.18
  Train batch 86017: loss: 0.22 gradNorm: 0.55 time 0.07
  Train batch 86018: loss: 0.25 gradNorm: 1.68 time 0.07
  Train batch 86019: loss: 0.26 gradNorm: 2.22 time 0.16
  Train batch 86020: loss: 0.30 gradNorm: 2.01 time 0.17
  Train batch 86021: loss: 0.20 gradNorm: 0.12 time 0.08
  Train batch 86022: loss: 0.23 gradNorm: 1.33 time 0.17
  Train batch 86023: loss: 0.22 gradNorm: 0.55 time 0.08
  Train batch 86024: loss: 0.21 gradNorm: 0.33 time 0.18
  Train batch 86025: loss: 0.22 gradNorm: 1.11 time 0.15
  Train batch 86026: loss: 0.19 gradNorm: 0.04 time 0.07
  Train batch 86027: loss: 0.24 gradNorm: 1.39 time 0.16
  Train batch 86028: loss: 0.21 gradNorm: 0.35 time 0.18
  Train batch 86029: loss: 0.20 gradNorm: 0.25 time 0.07
  Train batch 86030: loss: 0.35 gradNorm: 3.02 time 0.07
  Train batch 86031: loss: 0.24 gradNorm: 1.25 time 0.08
  Train batch 86032: loss: 0.24 gradNorm: 1.46 time 0.08
  Train batch 86033: loss: 0.24 gradNorm: 1.72 time 0.08
  Train batch 86034: loss: 0.26 gradNorm: 1.90 time 0.17
  Train batch 86035: loss: 1.14 gradNorm: 9.93 time 0.09
  Train batch 86036: loss: 0.24 gradNorm: 1.85 time 0.06
  Train batch 86037: loss: 0.21 gradNorm: 0.27 time 0.07
  Train batch 86038: loss: 0.21 gradNorm: 0.14 time 0.07
  Train batch 86039: loss: 0.38 gradNorm: 4.57 time 0.09
  Train batch 86040: loss: 0.22 gradNorm: 0.63 time 0.06
  Train batch 86041: loss: 0.21 gradNorm: 0.56 time 0.06
  Train batch 86042: loss: 0.44 gradNorm: 3.08 time 0.09
  Train batch 86043: loss: 0.23 gradNorm: 1.01 time 0.06
  Train batch 86044: loss: 0.23 gradNorm: 1.37 time 0.16
  Train batch 86045: loss: 0.23 gradNorm: 2.69 time 0.08
  Train batch 86046: loss: 0.20 gradNorm: 0.12 time 0.07
  Train batch 86047: loss: 0.45 gradNorm: 2.90 time 0.07
  Train batch 86048: loss: 0.26 gradNorm: 2.28 time 0.07
  Train batch 86049: loss: 0.31 gradNorm: 3.08 time 0.07
  Train batch 86050: loss: 0.36 gradNorm: 3.73 time 0.15
  Train batch 86051: loss: 0.20 gradNorm: 0.10 time 0.12
  Train batch 86052: loss: 0.21 gradNorm: 0.15 time 0.08
  Train batch 86053: loss: 0.27 gradNorm: 1.78 time 0.06
  Train batch 86054: loss: 0.19 gradNorm: 0.06 time 0.07
  Train batch 86055: loss: 0.22 gradNorm: 0.30 time 0.08
  Train batch 86056: loss: 0.23 gradNorm: 1.13 time 0.07
  Train batch 86057: loss: 0.20 gradNorm: 0.15 time 0.06
  Train batch 86058: loss: 0.22 gradNorm: 1.01 time 0.06
  Train batch 86059: loss: 0.34 gradNorm: 2.56 time 0.07
  Train batch 86060: loss: 0.21 gradNorm: 0.42 time 0.07
  Train batch 86061: loss: 1.91 gradNorm: 12.37 time 0.07
  Train batch 86062: loss: 0.21 gradNorm: 0.30 time 0.07
  Train batch 86063: loss: 0.22 gradNorm: 0.25 time 0.07
  Train batch 86064: loss: 0.20 gradNorm: 0.05 time 0.08
  Train batch 86065: loss: 0.36 gradNorm: 5.84 time 0.08
  Train batch 86066: loss: 0.38 gradNorm: 3.57 time 0.07
  Train batch 86067: loss: 0.31 gradNorm: 2.02 time 0.07
  Train batch 86068: loss: 0.21 gradNorm: 0.14 time 0.07
  Train batch 86069: loss: 0.22 gradNorm: 0.93 time 0.08
  Train batch 86070: loss: 0.22 gradNorm: 0.78 time 0.07
  Train batch 86071: loss: 0.23 gradNorm: 2.47 time 0.08
  Train batch 86072: loss: 0.22 gradNorm: 0.96 time 0.08
  Train batch 86073: loss: 0.20 gradNorm: 0.13 time 0.07
  Train batch 86074: loss: 0.22 gradNorm: 0.58 time 0.09
  Train batch 86075: loss: 0.20 gradNorm: 0.27 time 0.07
  Train batch 86076: loss: 0.19 gradNorm: 0.02 time 0.07
  Train batch 86077: loss: 0.38 gradNorm: 3.66 time 0.07
  Train batch 86078: loss: 0.35 gradNorm: 3.69 time 0.09
  Train batch 86079: loss: 0.54 gradNorm: 4.63 time 0.09
  Train batch 86080: loss: 0.21 gradNorm: 0.17 time 0.07
  Train batch 86081: loss: 0.32 gradNorm: 1.80 time 0.07
  Train batch 86082: loss: 0.22 gradNorm: 0.56 time 0.07
  Train batch 86083: loss: 0.26 gradNorm: 1.39 time 0.09
  Train batch 86084: loss: 0.21 gradNorm: 0.33 time 0.06
  Train batch 86085: loss: 0.21 gradNorm: 0.48 time 0.07
  Train batch 86086: loss: 0.22 gradNorm: 0.39 time 0.07
  Train batch 86087: loss: 0.28 gradNorm: 2.04 time 0.07
  Train batch 86088: loss: 0.20 gradNorm: 0.08 time 0.08
  Train batch 86089: loss: 0.21 gradNorm: 0.52 time 0.07
  Train batch 86090: loss: 0.21 gradNorm: 0.20 time 0.07
  Train batch 86091: loss: 0.26 gradNorm: 2.48 time 0.07
  Train batch 86092: loss: 0.21 gradNorm: 0.23 time 0.07
  Train batch 86093: loss: 0.21 gradNorm: 0.08 time 0.07
  Train batch 86094: loss: 0.26 gradNorm: 2.68 time 0.07
  Train batch 86095: loss: 0.47 gradNorm: 3.18 time 0.09
  Train batch 86096: loss: 0.22 gradNorm: 0.39 time 0.09
  Train batch 86097: loss: 0.25 gradNorm: 2.78 time 0.07
  Train batch 86098: loss: 0.21 gradNorm: 0.33 time 0.07
  Train batch 86099: loss: 0.33 gradNorm: 3.17 time 0.07
  Train batch 86100: loss: 0.24 gradNorm: 2.98 time 0.07
  Train batch 86101: loss: 0.38 gradNorm: 4.58 time 0.07
  Train batch 86102: loss: 0.20 gradNorm: 0.12 time 0.08
  Train batch 86103: loss: 0.24 gradNorm: 1.56 time 0.07
  Train batch 86104: loss: 0.26 gradNorm: 1.83 time 0.07
  Train batch 86105: loss: 0.20 gradNorm: 0.08 time 0.08
  Train batch 86106: loss: 0.21 gradNorm: 0.28 time 0.17
  Train batch 86107: loss: 0.22 gradNorm: 1.73 time 0.07
  Train batch 86108: loss: 1.11 gradNorm: 9.11 time 0.07
  Train batch 86109: loss: 0.28 gradNorm: 3.31 time 0.07
  Train batch 86110: loss: 0.42 gradNorm: 3.82 time 0.10
  Train batch 86111: loss: 0.22 gradNorm: 1.18 time 0.07
  Train batch 86112: loss: 0.21 gradNorm: 0.14 time 0.07
  Train batch 86113: loss: 0.22 gradNorm: 1.26 time 0.08
  Train batch 86114: loss: 0.21 gradNorm: 0.09 time 0.07
  Train batch 86115: loss: 0.22 gradNorm: 0.60 time 0.07
  Train batch 86116: loss: 0.20 gradNorm: 0.06 time 0.07
  Train batch 86117: loss: 0.29 gradNorm: 3.03 time 0.07
  Train batch 86118: loss: 0.23 gradNorm: 1.19 time 0.07
  Train batch 86119: loss: 0.22 gradNorm: 0.42 time 0.07
  Train batch 86120: loss: 0.21 gradNorm: 0.24 time 0.08
  Train batch 86121: loss: 0.24 gradNorm: 1.53 time 0.08
  Train batch 86122: loss: 0.23 gradNorm: 1.98 time 0.07
  Train batch 86123: loss: 0.21 gradNorm: 0.98 time 0.07
  Train batch 86124: loss: 0.23 gradNorm: 1.42 time 0.07
  Train batch 86125: loss: 0.24 gradNorm: 1.12 time 0.08
  Train batch 86126: loss: 0.22 gradNorm: 0.55 time 0.07
  Train batch 86127: loss: 0.21 gradNorm: 0.40 time 0.08
  Train batch 86128: loss: 0.36 gradNorm: 3.27 time 0.08
  Train batch 86129: loss: 0.22 gradNorm: 0.82 time 0.08
  Train batch 86130: loss: 0.20 gradNorm: 0.03 time 0.07
  Train batch 86131: loss: 0.30 gradNorm: 2.19 time 0.09
  Train batch 86132: loss: 0.22 gradNorm: 0.51 time 0.07
  Train batch 86133: loss: 0.21 gradNorm: 0.15 time 0.08
  Train batch 86134: loss: 0.29 gradNorm: 3.37 time 0.08
  Train batch 86135: loss: 0.20 gradNorm: 0.04 time 0.07
  Train batch 86136: loss: 0.21 gradNorm: 0.54 time 0.07
  Train batch 86137: loss: 0.21 gradNorm: 0.24 time 0.07
  Train batch 86138: loss: 0.27 gradNorm: 1.85 time 0.08
  Train batch 86139: loss: 0.21 gradNorm: 0.14 time 0.07
  Train batch 86140: loss: 0.20 gradNorm: 0.15 time 0.08
  Train batch 86141: loss: 0.22 gradNorm: 0.77 time 0.08
  Train batch 86142: loss: 0.21 gradNorm: 0.19 time 0.07
  Train batch 86143: loss: 0.29 gradNorm: 1.75 time 0.07
  Train batch 86144: loss: 0.21 gradNorm: 0.51 time 0.08
  Train batch 86145: loss: 0.25 gradNorm: 1.44 time 0.08
  Train batch 86146: loss: 0.21 gradNorm: 0.23 time 0.07
  Train batch 86147: loss: 0.29 gradNorm: 2.22 time 0.07
  Train batch 86148: loss: 0.20 gradNorm: 0.03 time 0.07
  Train batch 86149: loss: 0.21 gradNorm: 0.17 time 0.07
  Train batch 86150: loss: 0.21 gradNorm: 0.13 time 0.08
  Train batch 86151: loss: 0.20 gradNorm: 0.07 time 0.07
  Train batch 86152: loss: 0.22 gradNorm: 0.42 time 0.09
  Train batch 86153: loss: 0.23 gradNorm: 0.87 time 0.06
  Train batch 86154: loss: 0.40 gradNorm: 5.23 time 0.07
  Train batch 86155: loss: 0.22 gradNorm: 0.90 time 0.09
  Train batch 86156: loss: 0.29 gradNorm: 2.88 time 0.07
  Train batch 86157: loss: 0.20 gradNorm: 0.34 time 0.08
  Train batch 86158: loss: 0.21 gradNorm: 0.36 time 0.07
  Train batch 86159: loss: 0.23 gradNorm: 0.88 time 0.09
  Train batch 86160: loss: 0.20 gradNorm: 0.03 time 0.07
  Train batch 86161: loss: 0.20 gradNorm: 0.06 time 0.07
  Train batch 86162: loss: 0.21 gradNorm: 0.31 time 0.07
  Train batch 86163: loss: 0.29 gradNorm: 2.36 time 0.07
  Train batch 86164: loss: 0.24 gradNorm: 1.42 time 0.07
  Train batch 86165: loss: 0.43 gradNorm: 3.31 time 0.07
  Train batch 86166: loss: 0.21 gradNorm: 0.33 time 0.08
  Train batch 86167: loss: 0.20 gradNorm: 0.03 time 0.07
  Train batch 86168: loss: 0.22 gradNorm: 0.50 time 0.07
  Train batch 86169: loss: 0.25 gradNorm: 2.73 time 0.07
  Train batch 86170: loss: 0.36 gradNorm: 3.98 time 0.08
  Train batch 86171: loss: 0.22 gradNorm: 0.46 time 0.07
  Train batch 86172: loss: 0.55 gradNorm: 5.67 time 0.07
  Train batch 86173: loss: 0.27 gradNorm: 1.21 time 0.07
  Train batch 86174: loss: 0.22 gradNorm: 0.71 time 0.08
  Train batch 86175: loss: 0.40 gradNorm: 3.65 time 0.07
  Train batch 86176: loss: 0.23 gradNorm: 0.87 time 0.07
  Train batch 86177: loss: 0.34 gradNorm: 3.23 time 0.07
  Train batch 86178: loss: 0.20 gradNorm: 0.08 time 0.08
  Train batch 86179: loss: 0.20 gradNorm: 0.05 time 0.09
  Train batch 86180: loss: 0.21 gradNorm: 0.13 time 0.07
  Train batch 86181: loss: 0.25 gradNorm: 1.16 time 0.09
  Train batch 86182: loss: 0.21 gradNorm: 0.30 time 0.06
  Train batch 86183: loss: 0.21 gradNorm: 0.17 time 0.07
  Train batch 86184: loss: 0.26 gradNorm: 1.53 time 0.07
  Train batch 86185: loss: 0.21 gradNorm: 0.70 time 0.08
  Train batch 86186: loss: 0.20 gradNorm: 0.01 time 0.07
  Train batch 86187: loss: 0.20 gradNorm: 0.09 time 0.07
  Train batch 86188: loss: 0.24 gradNorm: 0.94 time 0.07
  Train batch 86189: loss: 0.21 gradNorm: 0.22 time 0.07
  Train batch 86190: loss: 0.27 gradNorm: 1.69 time 0.09
  Train batch 86191: loss: 0.66 gradNorm: 6.48 time 0.06
  Train batch 86192: loss: 0.22 gradNorm: 0.79 time 0.07
  Train batch 86193: loss: 0.38 gradNorm: 4.08 time 0.08
  Train batch 86194: loss: 0.29 gradNorm: 5.17 time 0.08
  Train batch 86195: loss: 0.21 gradNorm: 0.58 time 0.08
  Train batch 86196: loss: 0.44 gradNorm: 7.38 time 0.07
  Train batch 86197: loss: 0.21 gradNorm: 0.30 time 0.07
  Train batch 86198: loss: 0.22 gradNorm: 0.77 time 0.09
  Train batch 86199: loss: 0.24 gradNorm: 1.58 time 0.07
  Train batch 86200: loss: 0.19 gradNorm: 0.02 time 0.07
  Train batch 86201: loss: 0.22 gradNorm: 1.07 time 0.07
  Train batch 86202: loss: 2.05 gradNorm: 6.70 time 0.07
  Train batch 86203: loss: 0.20 gradNorm: 0.13 time 0.07
  Train batch 86204: loss: 0.30 gradNorm: 4.15 time 0.07
  Train batch 86205: loss: 0.25 gradNorm: 1.80 time 0.07
  Train batch 86206: loss: 0.21 gradNorm: 0.22 time 0.08
  Train batch 86207: loss: 0.27 gradNorm: 1.59 time 0.09
  Train batch 86208: loss: 0.20 gradNorm: 0.04 time 0.07
  Train batch 86209: loss: 0.21 gradNorm: 0.41 time 0.08
  Train batch 86210: loss: 0.21 gradNorm: 0.99 time 0.07
  Train batch 86211: loss: 0.32 gradNorm: 4.55 time 0.08
  Train batch 86212: loss: 0.20 gradNorm: 0.08 time 0.07
  Train batch 86213: loss: 0.22 gradNorm: 0.77 time 0.08
  Train batch 86214: loss: 0.20 gradNorm: 0.04 time 0.07
  Train batch 86215: loss: 0.27 gradNorm: 2.34 time 0.07
  Train batch 86216: loss: 0.27 gradNorm: 2.23 time 0.07
  Train batch 86217: loss: 0.22 gradNorm: 0.61 time 0.07
  Train batch 86218: loss: 0.21 gradNorm: 0.61 time 0.07
  Train batch 86219: loss: 0.29 gradNorm: 2.27 time 0.08
  Train batch 86220: loss: 0.21 gradNorm: 0.34 time 0.07
  Train batch 86221: loss: 0.21 gradNorm: 0.48 time 0.07
  Train batch 86222: loss: 0.29 gradNorm: 2.71 time 0.07
  Train batch 86223: loss: 0.21 gradNorm: 0.28 time 0.07
  Train batch 86224: loss: 0.25 gradNorm: 2.25 time 0.07
  Train batch 86225: loss: 0.19 gradNorm: 0.01 time 0.08
  Train batch 86226: loss: 0.42 gradNorm: 3.96 time 0.07
  Train batch 86227: loss: 0.22 gradNorm: 1.25 time 0.07
  Train batch 86228: loss: 0.22 gradNorm: 1.13 time 0.07
  Train batch 86229: loss: 0.22 gradNorm: 0.84 time 0.07
  Train batch 86230: loss: 0.20 gradNorm: 0.24 time 0.07
  Train batch 86231: loss: 0.20 gradNorm: 0.12 time 0.09
  Train batch 86232: loss: 0.25 gradNorm: 1.38 time 0.07
  Train batch 86233: loss: 0.21 gradNorm: 0.38 time 0.07
  Train batch 86234: loss: 0.20 gradNorm: 0.11 time 0.07
  Train batch 86235: loss: 0.22 gradNorm: 0.74 time 0.08
  Train batch 86236: loss: 0.20 gradNorm: 0.03 time 0.07
  Train batch 86237: loss: 0.38 gradNorm: 9.36 time 0.08
  Train batch 86238: loss: 0.22 gradNorm: 1.07 time 0.07
  Train batch 86239: loss: 0.20 gradNorm: 0.03 time 0.07
  Train batch 86240: loss: 0.27 gradNorm: 2.13 time 0.08
  Train batch 86241: loss: 0.20 gradNorm: 0.05 time 0.07
  Train batch 86242: loss: 0.20 gradNorm: 0.03 time 0.07
  Train batch 86243: loss: 0.20 gradNorm: 0.05 time 0.07
  Train batch 86244: loss: 0.24 gradNorm: 0.98 time 0.07
  Train batch 86245: loss: 0.20 gradNorm: 0.02 time 0.07
  Train batch 86246: loss: 0.21 gradNorm: 0.15 time 0.07
  Train batch 86247: loss: 0.39 gradNorm: 2.59 time 0.09
  Train batch 86248: loss: 0.21 gradNorm: 0.18 time 0.06
  Train batch 86249: loss: 0.26 gradNorm: 4.13 time 0.06
  Train batch 86250: loss: 0.21 gradNorm: 0.63 time 0.06
  Train batch 86251: loss: 0.19 gradNorm: 0.03 time 0.06
  Train batch 86252: loss: 0.23 gradNorm: 1.10 time 0.07
  Train batch 86253: loss: 0.20 gradNorm: 0.09 time 0.07
  Train batch 86254: loss: 0.21 gradNorm: 0.29 time 0.08
  Train batch 86255: loss: 0.44 gradNorm: 3.43 time 0.07
  Train batch 86256: loss: 0.19 gradNorm: 0.04 time 0.07
  Train batch 86257: loss: 0.67 gradNorm: 6.19 time 0.09
  Train batch 86258: loss: 0.20 gradNorm: 0.08 time 0.07
  Train batch 86259: loss: 0.21 gradNorm: 0.89 time 0.08
  Train batch 86260: loss: 0.26 gradNorm: 5.14 time 0.08
  Train batch 86261: loss: 0.21 gradNorm: 0.24 time 0.07
  Train batch 86262: loss: 0.21 gradNorm: 0.64 time 0.07
  Train batch 86263: loss: 0.39 gradNorm: 5.01 time 0.10
  Train batch 86264: loss: 0.21 gradNorm: 0.63 time 0.07
  Train batch 86265: loss: 0.22 gradNorm: 0.83 time 0.07
  Train batch 86266: loss: 0.21 gradNorm: 0.21 time 0.07
  Train batch 86267: loss: 0.20 gradNorm: 0.02 time 0.07
  Train batch 86268: loss: 0.25 gradNorm: 2.96 time 0.07
  Train batch 86269: loss: 0.23 gradNorm: 1.36 time 0.07
  Train batch 86270: loss: 0.20 gradNorm: 0.17 time 0.07
  Train batch 86271: loss: 0.25 gradNorm: 0.97 time 0.09
  Train batch 86272: loss: 0.22 gradNorm: 1.40 time 0.06
  Train batch 86273: loss: 0.21 gradNorm: 0.19 time 0.07
  Train batch 86274: loss: 0.31 gradNorm: 3.55 time 0.07
  Train batch 86275: loss: 0.21 gradNorm: 0.86 time 0.07
  Train batch 86276: loss: 0.44 gradNorm: 2.82 time 0.10
  Train batch 86277: loss: 0.22 gradNorm: 0.81 time 0.07
  Train batch 86278: loss: 0.23 gradNorm: 0.60 time 0.07
  Train batch 86279: loss: 0.28 gradNorm: 2.21 time 0.09
  Train batch 86280: loss: 0.20 gradNorm: 0.16 time 0.06
  Train batch 86281: loss: 0.21 gradNorm: 0.46 time 0.07
  Train batch 86282: loss: 0.22 gradNorm: 1.20 time 0.07
  Train batch 86283: loss: 0.20 gradNorm: 0.02 time 0.07
  Train batch 86284: loss: 0.20 gradNorm: 0.05 time 0.07
  Train batch 86285: loss: 0.23 gradNorm: 0.83 time 0.07
  Train batch 86286: loss: 0.21 gradNorm: 0.32 time 0.07
  Train batch 86287: loss: 0.33 gradNorm: 4.08 time 0.07
  Train batch 86288: loss: 0.25 gradNorm: 4.49 time 0.08
  Train batch 86289: loss: 0.22 gradNorm: 0.32 time 0.07
  Train batch 86290: loss: 0.35 gradNorm: 2.64 time 0.08
  Train batch 86291: loss: 0.23 gradNorm: 1.65 time 0.08
  Train batch 86292: loss: 0.20 gradNorm: 0.18 time 0.07
  Train batch 86293: loss: 0.26 gradNorm: 1.95 time 0.07
  Train batch 86294: loss: 0.20 gradNorm: 0.12 time 0.07
  Train batch 86295: loss: 0.36 gradNorm: 3.04 time 0.07
  Train batch 86296: loss: 0.28 gradNorm: 3.53 time 0.07
  Train batch 86297: loss: 0.24 gradNorm: 1.70 time 0.07
  Train batch 86298: loss: 0.20 gradNorm: 0.14 time 0.08
  Train batch 86299: loss: 0.40 gradNorm: 3.30 time 0.08
  Train batch 86300: loss: 0.21 gradNorm: 0.69 time 0.07
  Train batch 86301: loss: 0.27 gradNorm: 3.03 time 0.07
  Train batch 86302: loss: 0.21 gradNorm: 0.36 time 0.07
  Train batch 86303: loss: 0.51 gradNorm: 5.80 time 0.07
  Train batch 86304: loss: 0.21 gradNorm: 0.14 time 0.07
  Train batch 86305: loss: 0.36 gradNorm: 2.68 time 0.09
  Train batch 86306: loss: 0.21 gradNorm: 0.03 time 0.06
  Train batch 86307: loss: 0.22 gradNorm: 0.71 time 0.07
  Train batch 86308: loss: 0.21 gradNorm: 0.28 time 0.09
  Train batch 86309: loss: 0.20 gradNorm: 0.10 time 0.07
  Train batch 86310: loss: 0.22 gradNorm: 0.65 time 0.07
  Train batch 86311: loss: 0.32 gradNorm: 10.25 time 0.07
  Train batch 86312: loss: 0.96 gradNorm: 4.95 time 0.07
  Train batch 86313: loss: 0.24 gradNorm: 2.51 time 0.08
  Train batch 86314: loss: 0.34 gradNorm: 2.68 time 0.07
  Train batch 86315: loss: 0.20 gradNorm: 0.03 time 0.07
  Train batch 86316: loss: 0.25 gradNorm: 1.35 time 0.08
  Train batch 86317: loss: 0.20 gradNorm: 0.01 time 0.07
  Train batch 86318: loss: 0.25 gradNorm: 1.57 time 0.09
  Train batch 86319: loss: 0.20 gradNorm: 0.07 time 0.07
  Train batch 86320: loss: 0.20 gradNorm: 0.25 time 0.07
  Train batch 86321: loss: 0.29 gradNorm: 2.17 time 0.07
  Train batch 86322: loss: 0.20 gradNorm: 0.06 time 0.08
  Train batch 86323: loss: 0.20 gradNorm: 0.08 time 0.07
  Train batch 86324: loss: 0.25 gradNorm: 1.89 time 0.08
  Train batch 86325: loss: 0.21 gradNorm: 0.18 time 0.05
  Train batch 86326: loss: 0.43 gradNorm: 2.52 time 0.06
  Train batch 86327: loss: 0.20 gradNorm: 0.04 time 0.05
  Train batch 86328: loss: 0.47 gradNorm: 3.73 time 0.07
  Train batch 86329: loss: 0.20 gradNorm: 0.06 time 0.05
  Train batch 86330: loss: 0.21 gradNorm: 0.37 time 0.05
  Train batch 86331: loss: 0.21 gradNorm: 0.70 time 0.05
  Train batch 86332: loss: 0.21 gradNorm: 0.39 time 0.05
  Train batch 86333: loss: 0.30 gradNorm: 3.20 time 0.05
  Train batch 86334: loss: 0.28 gradNorm: 8.50 time 0.06
  Train batch 86335: loss: 0.19 gradNorm: 0.01 time 0.05
  Train batch 86336: loss: 0.21 gradNorm: 0.20 time 0.05
  Train batch 86337: loss: 0.21 gradNorm: 0.58 time 0.05
  Train batch 86338: loss: 0.21 gradNorm: 0.31 time 0.06
  Train batch 86339: loss: 0.25 gradNorm: 1.31 time 0.07
